INFO:  latexindent version 4.0, 2026-03-15, a script to indent .tex files
       latexindent lives here: /usr/local/texlive/2026/texmf-dist/scripts/latexindent/
       Tue May 26 10:27:49 2026
       Filename: /Users/arthurreuss/code/Arthurreuss/Python/RUG/BA/ValleyWalk/thesis_latex/sections/__latexindent_temp_2_introduction.tex
INFO:  Processing switches:
       -y|--yaml: YAML settings specified via command line
       -c|--cruft: cruft directory
INFO:  Directory for backup files and log file /Users/arthurreuss/code/Arthurreuss/Python/RUG/BA/ValleyWalk/thesis_latex/indent.log:
       /Users/arthurreuss/code/Arthurreuss/Python/RUG/BA/ValleyWalk/thesis_latex/
INFO:  YAML settings read: defaultSettings.yaml
       Reading defaultSettings.yaml from /usr/local/texlive/2026/texmf-dist/scripts/latexindent/defaultSettings.yaml
INFO:  YAML reading settings
       Home directory is /Users/arthurreuss
       latexindent.pl didn't find indentconfig.yaml or .indentconfig.yaml
       see all possible locations: https://latexindentpl.readthedocs.io/en/latest/sec-appendices.html#indentconfig-options
INFO:  YAML settings read: -y switch
       YAML setting: defaultIndent:'    '
       single-quoted string found in -y switch: '    ', substitute to     
       Updating mainSetting with defaultIndent:     
INFO:  Output routine:
       Not outputting to file; see -w and -o switches for more options.
       --------------
INFO:  Please direct all communication/issues to:
       https://github.com/cmhughes/latexindent.pl
       documentation: https://latexindentpl.readthedocs.io/en/latest/
